<?xml version="1.0" encoding="utf-8"?><testsuites name="pytest tests"><testsuite name="pytest" errors="0" failures="0" skipped="0" tests="11" time="11.028" timestamp="2025-10-29T00:43:45.792988+01:00" hostname="petteri-XPS-Ubu"><testcase classname="tests.converters.md_to_latex.test_converter.TestMarkdownToLatexConverter" name="test_converter_initialization" time="0.002" /><testcase classname="tests.converters.md_to_latex.test_converter.TestMarkdownToLatexConverter" name="test_converter_default_initialization" time="0.001" /><testcase classname="tests.converters.md_to_latex.test_converter.TestMarkdownToLatexConverter" name="test_convert_basic" time="2.161" /><testcase classname="tests.converters.md_to_latex.test_converter.TestMarkdownToLatexConverter" name="test_convert_nonexistent_file" time="0.001" /><testcase classname="tests.converters.md_to_latex.test_converter.TestMarkdownToLatexConverter" name="test_convert_with_custom_output_name" time="2.136" /><testcase classname="tests.converters.md_to_latex.test_converter.TestMarkdownToLatexConverter" name="test_citation_extraction" time="2.228" /><testcase classname="tests.converters.md_to_latex.test_converter.TestMarkdownToLatexConverter" name="test_concept_box_conversion" time="2.105" /><testcase classname="tests.converters.md_to_latex.test_converter.TestMarkdownToLatexConverter" name="test_set_concept_box_style" time="0.001" /><testcase classname="tests.converters.md_to_latex.test_converter.TestMarkdownToLatexConverter" name="test_get_available_styles" time="0.000" /><testcase classname="tests.converters.md_to_latex.test_converter.TestMarkdownToLatexConverter" name="test_verbose_mode" time="2.128" /><testcase classname="tests.converters.md_to_latex.test_converter.TestMarkdownToLatexConverter" name="test_pandoc_failure" time="0.011" /></testsuite></testsuites>